2026-09-29T13:42:33 $ soup doctor
2026-09-29T13:42:34 Soup Doctor - checking your environment...
2026-09-29T13:42:34 
2026-09-29T13:42:34 ╭─────────────────────────────────────────────────────────────────────────────────────────────── System ───────────────────────────────────────────────────────────────────────────────────────────────╮
2026-09-29T13:42:34 │ Python:   3.12.3                                                                                                                                                                                     │
2026-09-29T13:42:34 │ Platform: Linux 6.6.122+                                                                                                                                                                             │
2026-09-29T13:42:34 │ Arch:     x86_64                                                                                                                                                                                     │
2026-09-29T13:42:34 ╰──────────────────────────────────────────────────────────────────────────────────────────────────────────────────────────────────────────────────────────────────────────────────────────────────────╯
2026-09-29T13:42:36 ╭──────────────────────────────────────────────────────────────────────────────────────────────── GPU ─────────────────────────────────────────────────────────────────────────────────────────────────╮
2026-09-29T13:42:36 │ CUDA:     available (v13.0)                                                                                                                                                                          │
2026-09-29T13:42:36 │ GPUs:     1                                                                                                                                                                                          │
2026-09-29T13:42:36 │   GPU 0: Tesla T4 (14.6 GB)                                                                                                                                                                          │
2026-09-29T13:42:36 ╰──────────────────────────────────────────────────────────────────────────────────────────────────────────────────────────────────────────────────────────────────────────────────────────────────────╯
2026-09-29T13:42:36     System Resources
2026-09-29T13:42:36 ┏━━━━━━━━━━┳━━━━━━━━━━━━┓
2026-09-29T13:42:36 ┃ Resource ┃ Value      ┃
2026-09-29T13:42:36 ┡━━━━━━━━━━╇━━━━━━━━━━━━┩
2026-09-29T13:42:36 │ RAM      │ 13 GB      │
2026-09-29T13:42:36 │ Disk     │ 58 GB free │
2026-09-29T13:42:36 └──────────┴────────────┘
2026-09-29T13:42:36 
2026-09-29T13:42:45                               Dependencies
2026-09-29T13:42:45 ┏━━━━━━━━━━━━━━┳━━━━━━━━━━┳━━━━━━━━━━━━━━┳━━━━━━━━━━━━━┳━━━━━━━━━━━━━━━┓
2026-09-29T13:42:45 ┃ Package      ┃ Required ┃  Installed   ┃ Min Version ┃ Status        ┃
2026-09-29T13:42:45 ┡━━━━━━━━━━━━━━╇━━━━━━━━━━╇━━━━━━━━━━━━━━╇━━━━━━━━━━━━━╇━━━━━━━━━━━━━━━┩
2026-09-29T13:42:45 │ pydantic     │   yes    │    2.13.5    │ >=2.0.0     │ OK            │
2026-09-29T13:42:45 │ typer        │   yes    │    0.20.1    │ >=0.9.0     │ OK            │
2026-09-29T13:42:45 │ rich         │   yes    │    15.0.0    │ >=13.0.0    │ OK            │
2026-09-29T13:42:45 │ pyyaml       │   yes    │    6.0.3     │ >=6.0       │ OK            │
2026-09-29T13:42:45 │ plotext      │   yes    │    6.1.0     │ >=5.2.0     │ OK            │
2026-09-29T13:42:45 │ fastapi      │ optional │      -       │ >=0.104.0   │ not installed │
2026-09-29T13:42:45 │ uvicorn      │ optional │      -       │ >=0.24.0    │ not installed │
2026-09-29T13:42:45 │ datasketch   │ optional │      -       │ >=1.6.0     │ not installed │
2026-09-29T13:42:45 │ lm-eval      │ optional │      -       │ >=0.4.0     │ not installed │
2026-09-29T13:42:45 │ wandb        │ optional │      -       │ >=0.15.0    │ not installed │
2026-09-29T13:42:45 │ deepspeed    │ optional │      -       │ >=0.12.0    │ not installed │
2026-09-29T13:42:45 │ httpx        │ optional │    0.28.1    │ >=0.24.0    │ OK            │
2026-09-29T13:42:45 │ unsloth      │ optional │      -       │ >=2024.8    │ not installed │
2026-09-29T13:42:45 │ Pillow       │ optional │    12.3.0    │ >=9.0.0     │ OK            │
2026-09-29T13:42:45 │ torchao      │ optional │      -       │ >=0.4.0     │ not installed │
2026-09-29T13:42:45 │ sglang       │ optional │      -       │ >=0.2.0     │ not installed │
2026-09-29T13:42:45 │ librosa      │ optional │      -       │ >=0.10.0    │ not installed │
2026-09-29T13:42:45 │ torch        │ [train]  │ 2.14.0+cu130 │ >=2.6.0     │ OK            │
2026-09-29T13:42:45 │ transformers │ [train]  │    5.17.0    │ >=5.16.1    │ OK            │
2026-09-29T13:42:45 │ peft         │ [train]  │    0.21.1    │ >=0.20.0    │ OK            │
2026-09-29T13:42:45 │ trl          │ [train]  │    0.29.1    │ >=0.29.0    │ OK            │
2026-09-29T13:42:45 │ datasets     │ [train]  │    5.0.1     │ >=2.14.0    │ OK            │
2026-09-29T13:42:45 │ bitsandbytes │ [train]  │    0.50.2    │ >=0.41.0    │ OK            │
2026-09-29T13:42:45 │ accelerate   │ [train]  │    1.15.0    │ >=0.27.0    │ OK            │
2026-09-29T13:42:45 └──────────────┴──────────┴──────────────┴─────────────┴───────────────┘
2026-09-29T13:42:45 
2026-09-29T13:42:45 All checks passed! Your environment is ready.
2026-09-29T13:42:45 
2026-09-29T13:42:45 GitHub: https://github.com/MakazhanAlpamys/Soup
2026-09-29T13:42:46 [exit code 0]
